[2026-08-27 01:38:34] [1468/1627] FAIL FI_XX_ID_CARD_PREV: ORA-12543: TNS:destination host unreachable
Help: https://docs.oracle.com/error-help/db/ora-12543/
[2026-08-27 01:38:35] [1469/1627] Dumping FI_XX_IIFT_EMP ...
[2026-08-27 01:38:36] [1469/1627] FAIL FI_XX_IIFT_EMP: ORA-12543: TNS:destination host unreachable
Help: https://docs.oracle.com/error-help/db/ora-12543/
[2026-08-27 01:38:36] [1470/1627] Dumping FI_XX_INDIAN_STATE ...
[2026-08-27 09:44:56] [1470/1627] FAIL FI_XX_INDIAN_STATE: ORA-12170: Cannot connect. TCP connect timeout of 20s for host 192.168.4.62 port 1521. (CONNECTION_ID=OXpS55YXRHmR9wKzGmA/9A==)
Help: https://docs.oracle.com/error-help/db/ora-12170/
[2026-08-27 09:44:56] [1471/1627] Dumping FI_XX_MD_DEPT ...
[2026-08-27 09:44:58] [1471/1627] FAIL FI_XX_MD_DEPT: ORA-12543: TNS:destination host unreachable
Help: https://docs.oracle.com/error-help/db/ora-12543/
[2026-08-27 09:44:58] [1472/1627] Dumping FI_XX_MD_DESIG ...
[2026-08-27 09:45:00] [1472/1627] FAIL FI_XX_MD_DESIG: ORA-12543: TNS:destination host unreachable
Help: https://docs.oracle.com/error-help/db/ora-12543/
[2026-08-27 09:45:01] [1473/1627] Dumping FI_XX_MD_DESIGHST ...
[2026-08-27 09:45:02] [1473/1627] OK FI_XX_MD_DESIGHST
[2026-08-27 09:45:02] [1474/1627] Dumping FI_XX_MD_EMP_ST_H ...
[2026-08-27 09:45:03] [1474/1627] OK FI_XX_MD_EMP_ST_H
[2026-08-27 09:45:03] [1475/1627] Dumping FI_XX_MD_FINDESIG ...
[2026-08-27 09:45:04] [1475/1627] OK FI_XX_MD_FINDESIG
[2026-08-27 09:45:04] [1476/1627] Dumping FI_XX_MD_FINFA ...
[2026-08-27 09:45:05] [1476/1627] OK FI_XX_MD_FINFA
[2026-08-27 09:45:05] [1477/1627] Dumping FI_XX_MD_FINSCALE ...
[2026-08-27 09:45:37] [1477/1627] OK FI_XX_MD_FINSCALE
[2026-08-27 09:45:37] [1478/1627] Dumping FI_XX_MD_FINSCALE_02FEB2011 ...
[2026-08-27 09:45:37] [1478/1627] FAIL FI_XX_MD_FINSCALE_02FEB2011: DPI-1010: not connected
[2026-08-27 09:45:37] [1479/1627] Dumping FI_XX_MD_FINSCALE_150126 ...
[2026-08-27 09:45:37] [1479/1627] FAIL FI_XX_MD_FINSCALE_150126: ORA-12543: TNS:destination host unreachable
Help: https://docs.oracle.com/error-help/db/ora-12543/
[2026-08-27 09:45:37] [1480/1627] Dumping FI_XX_MD_FINSCALE_16092016 ...
[2026-08-27 09:45:37] [1480/1627] FAIL FI_XX_MD_FINSCALE_16092016: ORA-12543: TNS:destination host unreachable
Help: https://docs.oracle.com/error-help/db/ora-12543/
[2026-08-27 09:45:37] [1481/1627] Dumping FI_XX_MD_FINSCALE_1997WR ...
[2026-08-27 09:45:38] [1481/1627] FAIL FI_XX_MD_FINSCALE_1997WR: ORA-12543: TNS:destination host unreachable
Help: https://docs.oracle.com/error-help/db/ora-12543/
[2026-08-27 09:45:38] [1482/1627] Dumping FI_XX_MD_FINSCALE_1997WR_29911 ...
[2026-08-27 09:45:38] [1482/1627] FAIL FI_XX_MD_FINSCALE_1997WR_29911: ORA-12543: TNS:destination host unreachable
Help: https://docs.oracle.com/error-help/db/ora-12543/
[2026-08-27 09:45:38] [1483/1627] Dumping FI_XX_MD_FINSCALE_1997WR_81B ...
[2026-08-27 09:45:38] [1483/1627] FAIL FI_XX_MD_FINSCALE_1997WR_81B: ORA-12543: TNS:destination host unreachable
Help: https://docs.oracle.com/error-help/db/ora-12543/
[2026-08-27 09:45:38] [1484/1627] Dumping FI_XX_MD_FINSCALE_2007 ...
[2026-08-27 09:45:38] [1484/1627] FAIL FI_XX_MD_FINSCALE_2007: ORA-12543: TNS:destination host unreachable
Help: https://docs.oracle.com/error-help/db/ora-12543/
[2026-08-27 09:45:38] [1485/1627] Dumping FI_XX_MD_FINSCALE_2007REV1 ...
[2026-08-27 09:45:38] [1485/1627] FAIL FI_XX_MD_FINSCALE_2007REV1: ORA-12543: TNS:destination host unreachable
Help: https://docs.oracle.com/error-help/db/ora-12543/
[2026-08-27 09:45:38] [1486/1627] Dumping FI_XX_MD_FINSCALE_2007REV2 ...
[2026-08-27 09:45:38] [1486/1627] FAIL FI_XX_MD_FINSCALE_2007REV2: ORA-12543: TNS:destination host unreachable
Help: https://docs.oracle.com/error-help/db/ora-12543/
[2026-08-27 09:45:38] [1487/1627] Dumping FI_XX_MD_FINSCALE_2007WR ...
[2026-08-27 09:45:38] [1487/1627] FAIL FI_XX_MD_FINSCALE_2007WR: ORA-12543: TNS:destination host unreachable
Help: https://docs.oracle.com/error-help/db/ora-12543/
[2026-08-27 09:45:38] [1488/1627] Dumping FI_XX_MD_FINSCALE_2007_2PT2 ...
[2026-08-27 09:45:39] [1488/1627] FAIL FI_XX_MD_FINSCALE_2007_2PT2: ORA-12543: TNS:destination host unreachable
Help: https://docs.oracle.com/error-help/db/ora-12543/
[2026-08-27 09:45:39] [1489/1627] Dumping FI_XX_MD_FINSCALE_2007_DKPILOT ...
[2026-08-27 09:45:39] [1489/1627] FAIL FI_XX_MD_FINSCALE_2007_DKPILOT: ORA-12543: TNS:destination host unreachable
Help: https://docs.oracle.com/error-help/db/ora-12543/
[2026-08-27 09:45:39] [1490/1627] Dumping FI_XX_MD_FINSCALE_2007_DKP_STP ...
[2026-08-27 09:45:39] [1490/1627] FAIL FI_XX_MD_FINSCALE_2007_DKP_STP: ORA-12543: TNS:destination host unreachable
Help: https://docs.oracle.com/error-help/db/ora-12543/
[2026-08-27 09:45:39] [1491/1627] Dumping FI_XX_MD_FINSCALE_2007_OLD ...
[2026-08-27 09:45:39] [1491/1627] FAIL FI_XX_MD_FINSCALE_2007_OLD: ORA-12543: TNS:destination host unreachable
Help: https://docs.oracle.com/error-help/db/ora-12543/
[2026-08-27 09:45:39] [1492/1627] Dumping FI_XX_MD_FINSCALE_2012 ...
[2026-08-27 09:45:39] [1492/1627] FAIL FI_XX_MD_FINSCALE_2012: ORA-12543: TNS:destination host unreachable
Help: https://docs.oracle.com/error-help/db/ora-12543/
[2026-08-27 09:45:39] [1493/1627] Dumping FI_XX_MD_FINSCALE_2012_BCK ...
[2026-08-27 09:45:39] [1493/1627] FAIL FI_XX_MD_FINSCALE_2012_BCK: ORA-12543: TNS:destination host unreachable
Help: https://docs.oracle.com/error-help/db/ora-12543/
[2026-08-27 09:45:39] [1494/1627] Dumping FI_XX_MD_FINSCALE_2017 ...
[2026-08-27 09:45:39] [1494/1627] FAIL FI_XX_MD_FINSCALE_2017: ORA-12543: TNS:destination host unreachable
Help: https://docs.oracle.com/error-help/db/ora-12543/
[2026-08-27 09:45:39] [1495/1627] Dumping FI_XX_MD_FINSCALE_2017WR ...
[2026-08-27 09:45:40] [1495/1627] FAIL FI_XX_MD_FINSCALE_2017WR: ORA-12543: TNS:destination host unreachable
Help: https://docs.oracle.com/error-help/db/ora-12543/
[2026-08-27 09:45:40] [1496/1627] Dumping FI_XX_MD_FINSCALE_2022 ...
[2026-08-27 09:45:40] [1496/1627] FAIL FI_XX_MD_FINSCALE_2022: ORA-12543: TNS:destination host unreachable
Help: https://docs.oracle.com/error-help/db/ora-12543/
[2026-08-27 09:45:40] [1497/1627] Dumping FI_XX_MD_FINSCALE_2022REV2 ...
[2026-08-27 09:45:40] [1497/1627] FAIL FI_XX_MD_FINSCALE_2022REV2: ORA-12543: TNS:destination host unreachable
Help: https://docs.oracle.com/error-help/db/ora-12543/
[2026-08-27 09:45:40] [1498/1627] Dumping FI_XX_MD_FINSCALE_2022WR ...
[2026-08-27 09:45:40] [1498/1627] FAIL FI_XX_MD_FINSCALE_2022WR: ORA-12543: TNS:destination host unreachable
Help: https://docs.oracle.com/error-help/db/ora-12543/
[2026-08-27 09:45:40] [1499/1627] Dumping FI_XX_MD_FINSCALE_2022_PALAS ...
[2026-08-27 09:45:40] [1499/1627] FAIL FI_XX_MD_FINSCALE_2022_PALAS: ORA-12543: TNS:destination host unreachable
Help: https://docs.oracle.com/error-help/db/ora-12543/
[2026-08-27 09:45:40] [1500/1627] Dumping FI_XX_MD_FINSCALE_240125 ...
[2026-08-27 09:45:40] [1500/1627] FAIL FI_XX_MD_FINSCALE_240125: ORA-12543: TNS:destination host unreachable
Help: https://docs.oracle.com/error-help/db/ora-12543/
[2026-08-27 09:45:40] [1501/1627] Dumping FI_XX_MD_FINSCALE_26MAR2014 ...
[2026-08-27 09:45:40] [1501/1627] FAIL FI_XX_MD_FINSCALE_26MAR2014: ORA-12543: TNS:destination host unreachable
Help: https://docs.oracle.com/error-help/db/ora-12543/
[2026-08-27 09:45:40] [1502/1627] Dumping FI_XX_MD_FINSCALE_27JAN11 ...
[2026-08-27 09:45:41] [1502/1627] FAIL FI_XX_MD_FINSCALE_27JAN11: ORA-12543: TNS:destination host unreachable
Help: https://docs.oracle.com/error-help/db/ora-12543/
[2026-08-27 09:45:41] [1503/1627] Dumping FI_XX_MD_FINSCALE_28APR2011 ...
[2026-08-27 09:45:41] [1503/1627] FAIL FI_XX_MD_FINSCALE_28APR2011: ORA-12543: TNS:destination host unreachable
Help: https://docs.oracle.com/error-help/db/ora-12543/
[2026-08-27 09:45:41] [1504/1627] Dumping FI_XX_MD_FINSCALE_28FEB2011 ...
[2026-08-27 09:45:41] [1504/1627] FAIL FI_XX_MD_FINSCALE_28FEB2011: ORA-12543: TNS:destination host unreachable
Help: https://docs.oracle.com/error-help/db/ora-12543/
[2026-08-27 09:45:41] [1505/1627] Dumping FI_XX_MD_FINSCALE_2P2 ...
[2026-08-27 09:45:41] [1505/1627] OK FI_XX_MD_FINSCALE_2P2
[2026-08-27 09:45:41] [1506/1627] Dumping FI_XX_MD_FINSCALE_6PC ...
[2026-08-27 09:45:44] [1506/1627] OK FI_XX_MD_FINSCALE_6PC
[2026-08-27 09:45:44] [1507/1627] Dumping FI_XX_MD_FINSCALE_6PC_LT ...
[2026-08-27 09:45:48] [1507/1627] OK FI_XX_MD_FINSCALE_6PC_LT
[2026-08-27 09:45:48] [1508/1627] Dumping FI_XX_MD_FINSCALE_ARR ...
[2026-08-27 09:46:11] [1508/1627] OK FI_XX_MD_FINSCALE_ARR
[2026-08-27 09:46:11] [1509/1627] Dumping FI_XX_MD_FINSCALE_ARR_2PT2 ...
[2026-08-27 09:46:11] [1509/1627] OK FI_XX_MD_FINSCALE_ARR_2PT2
[2026-08-27 09:46:11] [1510/1627] Dumping FI_XX_MD_FINSCALE_BCK012023 ...
[2026-08-27 09:46:40] [1510/1627] OK FI_XX_MD_FINSCALE_BCK012023
[2026-08-27 09:46:40] [1511/1627] Dumping FI_XX_MD_FINSCALE_BCK062020 ...
[2026-08-27 09:47:02] [1511/1627] FAIL FI_XX_MD_FINSCALE_BCK062020: DPI-1010: not connected
[2026-08-27 09:47:02] [1512/1627] Dumping FI_XX_MD_FINSCALE_BCK082020 ...
[2026-08-27 09:47:02] [1512/1627] FAIL FI_XX_MD_FINSCALE_BCK082020: ORA-12543: TNS:destination host unreachable
Help: https://docs.oracle.com/error-help/db/ora-12543/
[2026-08-27 09:47:02] [1513/1627] Dumping FI_XX_MD_FINSCALE_BCK122022 ...
[2026-08-27 09:47:02] [1513/1627] FAIL FI_XX_MD_FINSCALE_BCK122022: ORA-12543: TNS:destination host unreachable
Help: https://docs.oracle.com/error-help/db/ora-12543/
[2026-08-27 09:47:02] [1514/1627] Dumping FI_XX_MD_FINSCALE_BCK23MAY2020 ...
[2026-08-27 09:47:02] [1514/1627] FAIL FI_XX_MD_FINSCALE_BCK23MAY2020: ORA-12543: TNS:destination host unreachable
Help: https://docs.oracle.com/error-help/db/ora-12543/
[2026-08-27 09:47:02] [1515/1627] Dumping FI_XX_MD_FINSCALE_BK ...
[2026-08-27 09:47:03] [1515/1627] FAIL FI_XX_MD_FINSCALE_BK: ORA-12543: TNS:destination host unreachable
Help: https://docs.oracle.com/error-help/db/ora-12543/
[2026-08-27 09:47:03] [1516/1627] Dumping FI_XX_MD_FINSCALE_BKP ...
[2026-08-27 09:47:03] [1516/1627] FAIL FI_XX_MD_FINSCALE_BKP: ORA-12543: TNS:destination host unreachable
Help: https://docs.oracle.com/error-help/db/ora-12543/
[2026-08-27 09:47:03] [1517/1627] Dumping FI_XX_MD_FINSCALE_BKP_210125 ...
[2026-08-27 09:47:03] [1517/1627] FAIL FI_XX_MD_FINSCALE_BKP_210125: ORA-12543: TNS:destination host unreachable
Help: https://docs.oracle.com/error-help/db/ora-12543/
[2026-08-27 09:47:03] [1518/1627] Dumping FI_XX_MD_FINSCALE_BKUP_080125 ...
[2026-08-27 09:47:03] [1518/1627] FAIL FI_XX_MD_FINSCALE_BKUP_080125: ORA-12543: TNS:destination host unreachable
Help: https://docs.oracle.com/error-help/db/ora-12543/
[2026-08-27 09:47:03] [1519/1627] Dumping FI_XX_MD_FINSCALE_BUNCH ...
[2026-08-27 09:47:03] [1519/1627] FAIL FI_XX_MD_FINSCALE_BUNCH: ORA-12543: TNS:destination host unreachable
Help: https://docs.oracle.com/error-help/db/ora-12543/
[2026-08-27 09:47:03] [1520/1627] Dumping FI_XX_MD_FINSCALE_H ...
[2026-08-27 09:47:03] [1520/1627] FAIL FI_XX_MD_FINSCALE_H: ORA-12543: TNS:destination host unreachable
Help: https://docs.oracle.com/error-help/db/ora-12543/
[2026-08-27 09:47:03] [1521/1627] Dumping FI_XX_MD_FINSCALE_HIS ...
[2026-08-27 09:47:03] [1521/1627] FAIL FI_XX_MD_FINSCALE_HIS: ORA-12543: TNS:destination host unreachable
Help: https://docs.oracle.com/error-help/db/ora-12543/
[2026-08-27 09:47:03] [1522/1627] Dumping FI_XX_MD_FINSCALE_MAR25 ...
[2026-08-27 09:47:03] [1522/1627] FAIL FI_XX_MD_FINSCALE_MAR25: ORA-12543: TNS:destination host unreachable
Help: https://docs.oracle.com/error-help/db/ora-12543/
[2026-08-27 09:47:03] [1523/1627] Dumping FI_XX_MD_FINSCALE_NOV10 ...
[2026-08-27 09:47:04] [1523/1627] FAIL FI_XX_MD_FINSCALE_NOV10: ORA-12543: TNS:destination host unreachable
Help: https://docs.oracle.com/error-help/db/ora-12543/
[2026-08-27 09:47:04] [1524/1627] Dumping FI_XX_MD_FINSCALE_PALAS ...
[2026-08-27 09:47:04] [1524/1627] FAIL FI_XX_MD_FINSCALE_PALAS: ORA-12543: TNS:destination host unreachable
Help: https://docs.oracle.com/error-help/db/ora-12543/
[2026-08-27 09:47:04] [1525/1627] Dumping FI_XX_MD_FINSCALE_PILOT ...
[2026-08-27 09:47:04] [1525/1627] FAIL FI_XX_MD_FINSCALE_PILOT: ORA-12543: TNS:destination host unreachable
Help: https://docs.oracle.com/error-help/db/ora-12543/
[2026-08-27 09:47:04] [1526/1627] Dumping FI_XX_MD_FINSCALE_PILOT_020119 ...
[2026-08-27 09:47:04] [1526/1627] FAIL FI_XX_MD_FINSCALE_PILOT_020119: ORA-12543: TNS:destination host unreachable
Help: https://docs.oracle.com/error-help/db/ora-12543/
[2026-08-27 09:47:04] [1527/1627] Dumping FI_XX_MD_FINSCALE_PILOT_BCK ...
[2026-08-27 09:47:04] [1527/1627] FAIL FI_XX_MD_FINSCALE_PILOT_BCK: ORA-12543: TNS:destination host unreachable
Help: https://docs.oracle.com/error-help/db/ora-12543/
[2026-08-27 09:47:04] [1528/1627] Dumping FI_XX_MD_FINSCALE_PILOT_HIS ...
[2026-08-27 09:47:04] [1528/1627] FAIL FI_XX_MD_FINSCALE_PILOT_HIS: ORA-12543: TNS:destination host unreachable
Help: https://docs.oracle.com/error-help/db/ora-12543/
[2026-08-27 09:47:04] [1529/1627] Dumping FI_XX_MD_FINSCALE_PILOT_WOB ...
[2026-08-27 09:47:04] [1529/1627] FAIL FI_XX_MD_FINSCALE_PILOT_WOB: ORA-12543: TNS:destination host unreachable
Help: https://docs.oracle.com/error-help/db/ora-12543/
[2026-08-27 09:47:04] [1530/1627] Dumping FI_XX_MD_FINSCALE_PILOT_WOB1 ...
[2026-08-27 09:47:04] [1530/1627] FAIL FI_XX_MD_FINSCALE_PILOT_WOB1: ORA-12543: TNS:destination host unreachable
Help: https://docs.oracle.com/error-help/db/ora-12543/
[2026-08-27 09:47:04] [1531/1627] Dumping FI_XX_MD_FINSCALE_REV_OFFICER ...
[2026-08-27 09:47:05] [1531/1627] FAIL FI_XX_MD_FINSCALE_REV_OFFICER: ORA-12543: TNS:destination host unreachable
Help: https://docs.oracle.com/error-help/db/ora-12543/
[2026-08-27 09:47:05] [1532/1627] Dumping FI_XX_MD_FINSCALE_REV_OFFICER2 ...
[2026-08-27 09:47:05] [1532/1627] FAIL FI_XX_MD_FINSCALE_REV_OFFICER2: ORA-12543: TNS:destination host unreachable
Help: https://docs.oracle.com/error-help/db/ora-12543/
[2026-08-27 09:47:05] [1533/1627] Dumping FI_XX_MD_FINSCALE_REV_OFFI_H ...
[2026-08-27 09:47:05] [1533/1627] FAIL FI_XX_MD_FINSCALE_REV_OFFI_H: ORA-12543: TNS:destination host unreachable
Help: https://docs.oracle.com/error-help/db/ora-12543/
[2026-08-27 09:47:05] [1534/1627] Dumping FI_XX_MD_FINSCALE_TANMOY ...
[2026-08-27 09:47:05] [1534/1627] FAIL FI_XX_MD_FINSCALE_TANMOY: ORA-12543: TNS:destination host unreachable
Help: https://docs.oracle.com/error-help/db/ora-12543/
[2026-08-27 09:47:05] [1535/1627] Dumping FI_XX_MD_FINSCALE_TEST1 ...
[2026-08-27 09:47:05] [1535/1627] FAIL FI_XX_MD_FINSCALE_TEST1: ORA-12543: TNS:destination host unreachable
Help: https://docs.oracle.com/error-help/db/ora-12543/
[2026-08-27 09:47:05] [1536/1627] Dumping FI_XX_MD_FINSCALE_WOB ...
[2026-08-27 09:47:05] [1536/1627] FAIL FI_XX_MD_FINSCALE_WOB: ORA-12543: TNS:destination host unreachable
Help: https://docs.oracle.com/error-help/db/ora-12543/
[2026-08-27 09:47:05] [1537/1627] Dumping FI_XX_MD_FINS_BUNCH_HST ...
[2026-08-27 09:47:05] [1537/1627] FAIL FI_XX_MD_FINS_BUNCH_HST: ORA-12543: TNS:destination host unreachable
Help: https://docs.oracle.com/error-help/db/ora-12543/
[2026-08-27 09:47:05] [1538/1627] Dumping FI_XX_MD_FINS_HST ...
[2026-08-27 09:47:06] [1538/1627] FAIL FI_XX_MD_FINS_HST: ORA-12543: TNS:destination host unreachable
Help: https://docs.oracle.com/error-help/db/ora-12543/
[2026-08-27 09:47:06] [1539/1627] Dumping FI_XX_MD_FINS_REV_OFFI_HST ...
[2026-08-27 09:47:06] [1539/1627] FAIL FI_XX_MD_FINS_REV_OFFI_HST: ORA-12543: TNS:destination host unreachable
Help: https://docs.oracle.com/error-help/db/ora-12543/
[2026-08-27 09:47:06] [1540/1627] Dumping FI_XX_MD_LEGAL_HEIR ...
[2026-08-27 09:47:06] [1540/1627] FAIL FI_XX_MD_LEGAL_HEIR: ORA-12543: TNS:destination host unreachable
Help: https://docs.oracle.com/error-help/db/ora-12543/
[2026-08-27 09:47:06] [1541/1627] Dumping FI_XX_MD_NOMINEE ...
[2026-08-27 09:47:06] [1541/1627] FAIL FI_XX_MD_NOMINEE: ORA-12543: TNS:destination host unreachable
Help: https://docs.oracle.com/error-help/db/ora-12543/
[2026-08-27 09:47:06] [1542/1627] Dumping FI_XX_MD_PENS_REGN ...
[2026-08-27 09:47:06] [1542/1627] FAIL FI_XX_MD_PENS_REGN: ORA-12543: TNS:destination host unreachable
Help: https://docs.oracle.com/error-help/db/ora-12543/
[2026-08-27 09:47:06] [1543/1627] Dumping FI_XX_MD_RECRUIT ...
[2026-08-27 09:47:06] [1543/1627] FAIL FI_XX_MD_RECRUIT: ORA-12543: TNS:destination host unreachable
Help: https://docs.oracle.com/error-help/db/ora-12543/
[2026-08-27 09:47:06] [1544/1627] Dumping FI_XX_MD_SPL_PAY_MOS ...
[2026-08-27 09:47:06] [1544/1627] FAIL FI_XX_MD_SPL_PAY_MOS: ORA-12543: TNS:destination host unreachable
Help: https://docs.oracle.com/error-help/db/ora-12543/
[2026-08-27 09:47:06] [1545/1627] Dumping FI_XX_MH_DEPT ...
[2026-08-27 09:47:06] [1545/1627] FAIL FI_XX_MH_DEPT: ORA-12543: TNS:destination host unreachable
Help: https://docs.oracle.com/error-help/db/ora-12543/
[2026-08-27 09:47:06] [1546/1627] Dumping FI_XX_MH_DEPT_RTI ...
[2026-08-27 09:47:07] [1546/1627] FAIL FI_XX_MH_DEPT_RTI: ORA-12543: TNS:destination host unreachable
Help: https://docs.oracle.com/error-help/db/ora-12543/
[2026-08-27 09:47:07] [1547/1627] Dumping FI_XX_MH_DESIG ...
[2026-08-27 09:47:07] [1547/1627] FAIL FI_XX_MH_DESIG: ORA-12543: TNS:destination host unreachable
Help: https://docs.oracle.com/error-help/db/ora-12543/
[2026-08-27 09:47:07] [1548/1627] Dumping FI_XX_MH_EMP_AADHAR ...
[2026-08-27 09:47:07] [1548/1627] FAIL FI_XX_MH_EMP_AADHAR: ORA-12543: TNS:destination host unreachable
Help: https://docs.oracle.com/error-help/db/ora-12543/
[2026-08-27 09:47:07] [1549/1627] Dumping FI_XX_MH_EMP_ADM ...
[2026-08-27 09:47:07] [1549/1627] FAIL FI_XX_MH_EMP_ADM: ORA-12543: TNS:destination host unreachable
Help: https://docs.oracle.com/error-help/db/ora-12543/
[2026-08-27 09:47:07] [1550/1627] Dumping FI_XX_MH_EMP_ADM_012007 ...
[2026-08-27 09:47:07] [1550/1627] FAIL FI_XX_MH_EMP_ADM_012007: ORA-12543: TNS:destination host unreachable
Help: https://docs.oracle.com/error-help/db/ora-12543/
[2026-08-27 09:47:07] [1551/1627] Dumping FI_XX_MH_EMP_ADM_082020 ...
[2026-08-27 09:47:07] [1551/1627] FAIL FI_XX_MH_EMP_ADM_082020: ORA-12543: TNS:destination host unreachable
Help: https://docs.oracle.com/error-help/db/ora-12543/
[2026-08-27 09:47:07] [1552/1627] Dumping FI_XX_MH_EMP_ADM_13032017 ...
[2026-08-27 09:47:07] [1552/1627] FAIL FI_XX_MH_EMP_ADM_13032017: ORA-12543: TNS:destination host unreachable
Help: https://docs.oracle.com/error-help/db/ora-12543/
[2026-08-27 09:47:07] [1553/1627] Dumping FI_XX_MH_EMP_ADM_14032010 ...
[2026-08-27 09:47:08] [1553/1627] FAIL FI_XX_MH_EMP_ADM_14032010: ORA-12543: TNS:destination host unreachable
Help: https://docs.oracle.com/error-help/db/ora-12543/
[2026-08-27 09:47:08] [1554/1627] Dumping FI_XX_MH_EMP_ADM_14032023 ...
[2026-08-27 09:47:08] [1554/1627] FAIL FI_XX_MH_EMP_ADM_14032023: ORA-12543: TNS:destination host unreachable
Help: https://docs.oracle.com/error-help/db/ora-12543/
[2026-08-27 09:47:08] [1555/1627] Dumping FI_XX_MH_EMP_ADM_15032018 ...
[2026-08-27 09:47:08] [1555/1627] FAIL FI_XX_MH_EMP_ADM_15032018: ORA-12543: TNS:destination host unreachable
Help: https://docs.oracle.com/error-help/db/ora-12543/
[2026-08-27 09:47:08] [1556/1627] Dumping FI_XX_MH_EMP_ADM_15032019 ...
[2026-08-27 09:47:08] [1556/1627] FAIL FI_XX_MH_EMP_ADM_15032019: ORA-12543: TNS:destination host unreachable
Help: https://docs.oracle.com/error-help/db/ora-12543/
[2026-08-27 09:47:08] [1557/1627] Dumping FI_XX_MH_EMP_ADM_16032021 ...
[2026-08-27 09:47:08] [1557/1627] FAIL FI_XX_MH_EMP_ADM_16032021: ORA-12543: TNS:destination host unreachable
Help: https://docs.oracle.com/error-help/db/ora-12543/
[2026-08-27 09:47:08] [1558/1627] Dumping FI_XX_MH_EMP_ADM_18062024 ...
[2026-08-27 09:47:08] [1558/1627] FAIL FI_XX_MH_EMP_ADM_18062024: ORA-12543: TNS:destination host unreachable
Help: https://docs.oracle.com/error-help/db/ora-12543/
[2026-08-27 09:47:08] [1559/1627] Dumping FI_XX_MH_EMP_ADM_19032013 ...
[2026-08-27 09:47:08] [1559/1627] FAIL FI_XX_MH_EMP_ADM_19032013: ORA-12543: TNS:destination host unreachable
Help: https://docs.oracle.com/error-help/db/ora-12543/
[2026-08-27 09:47:08] [1560/1627] Dumping FI_XX_MH_EMP_ADM_20032015 ...
[2026-08-27 09:47:08] [1560/1627] FAIL FI_XX_MH_EMP_ADM_20032015: ORA-12543: TNS:destination host unreachable
Help: https://docs.oracle.com/error-help/db/ora-12543/
[2026-08-27 09:47:08] [1561/1627] Dumping FI_XX_MH_EMP_ADM_22032016 ...
[2026-08-27 09:47:09] [1561/1627] FAIL FI_XX_MH_EMP_ADM_22032016: ORA-12543: TNS:destination host unreachable
Help: https://docs.oracle.com/error-help/db/ora-12543/
[2026-08-27 09:47:09] [1562/1627] Dumping FI_XX_MH_EMP_ADM_23042009 ...
[2026-08-27 09:47:09] [1562/1627] FAIL FI_XX_MH_EMP_ADM_23042009: ORA-12543: TNS:destination host unreachable
Help: https://docs.oracle.com/error-help/db/ora-12543/
[2026-08-27 09:47:09] [1563/1627] Dumping FI_XX_MH_EMP_ADM_24022020 ...
[2026-08-27 09:47:09] [1563/1627] FAIL FI_XX_MH_EMP_ADM_24022020: ORA-12543: TNS:destination host unreachable
Help: https://docs.oracle.com/error-help/db/ora-12543/
[2026-08-27 09:47:09] [1564/1627] Dumping FI_XX_MH_EMP_ADM_24032014 ...
[2026-08-27 09:47:09] [1564/1627] FAIL FI_XX_MH_EMP_ADM_24032014: ORA-12543: TNS:destination host unreachable
Help: https://docs.oracle.com/error-help/db/ora-12543/
[2026-08-27 09:47:09] [1565/1627] Dumping FI_XX_MH_EMP_ADM_25042011 ...
[2026-08-27 09:47:09] [1565/1627] FAIL FI_XX_MH_EMP_ADM_25042011: ORA-12543: TNS:destination host unreachable
Help: https://docs.oracle.com/error-help/db/ora-12543/
[2026-08-27 09:47:09] [1566/1627] Dumping FI_XX_MH_EMP_ADM_27032012 ...
[2026-08-27 09:47:09] [1566/1627] FAIL FI_XX_MH_EMP_ADM_27032012: ORA-12543: TNS:destination host unreachable
Help: https://docs.oracle.com/error-help/db/ora-12543/
[2026-08-27 09:47:09] [1567/1627] Dumping FI_XX_MH_EMP_ADM_28042025 ...
[2026-08-27 09:47:09] [1567/1627] FAIL FI_XX_MH_EMP_ADM_28042025: ORA-12543: TNS:destination host unreachable
Help: https://docs.oracle.com/error-help/db/ora-12543/
[2026-08-27 09:47:09] [1568/1627] Dumping FI_XX_MH_EMP_ADM_58 ...
[2026-08-27 09:47:10] [1568/1627] FAIL FI_XX_MH_EMP_ADM_58: ORA-12543: TNS:destination host unreachable
Help: https://docs.oracle.com/error-help/db/ora-12543/
[2026-08-27 09:47:10] [1569/1627] Dumping FI_XX_MH_EMP_ADM_BK ...
[2026-08-27 09:47:10] [1569/1627] FAIL FI_XX_MH_EMP_ADM_BK: ORA-12543: TNS:destination host unreachable
Help: https://docs.oracle.com/error-help/db/ora-12543/
[2026-08-27 09:47:10] [1570/1627] Dumping FI_XX_MH_EMP_ADM_H ...
[2026-08-27 09:47:10] [1570/1627] FAIL FI_XX_MH_EMP_ADM_H: ORA-12543: TNS:destination host unreachable
Help: https://docs.oracle.com/error-help/db/ora-12543/
[2026-08-27 09:47:10] [1571/1627] Dumping FI_XX_MH_EMP_ADM_OLD_022008 ...
[2026-08-27 09:47:10] [1571/1627] FAIL FI_XX_MH_EMP_ADM_OLD_022008: ORA-12543: TNS:destination host unreachable
Help: https://docs.oracle.com/error-help/db/ora-12543/
[2026-08-27 09:47:10] [1572/1627] Dumping FI_XX_MH_EMP_ADM_TEMP_UNION ...
[2026-08-27 09:47:10] [1572/1627] FAIL FI_XX_MH_EMP_ADM_TEMP_UNION: ORA-12543: TNS:destination host unreachable
Help: https://docs.oracle.com/error-help/db/ora-12543/
[2026-08-27 09:47:10] [1573/1627] Dumping FI_XX_MH_EMP_ARR ...
[2026-08-27 09:47:10] [1573/1627] FAIL FI_XX_MH_EMP_ARR: ORA-12543: TNS:destination host unreachable
Help: https://docs.oracle.com/error-help/db/ora-12543/
[2026-08-27 09:47:10] [1574/1627] Dumping FI_XX_MH_EMP_DAT ...
[2026-08-27 09:47:10] [1574/1627] FAIL FI_XX_MH_EMP_DAT: ORA-12543: TNS:destination host unreachable
Help: https://docs.oracle.com/error-help/db/ora-12543/
[2026-08-27 09:47:10] [1575/1627] Dumping FI_XX_MH_EMP_DATA ...
[2026-08-27 09:47:11] [1575/1627] FAIL FI_XX_MH_EMP_DATA: ORA-12543: TNS:destination host unreachable
Help: https://docs.oracle.com/error-help/db/ora-12543/
[2026-08-27 09:47:11] [1576/1627] Dumping FI_XX_MH_EMP_FIN ...
[2026-08-27 09:47:11] [1576/1627] FAIL FI_XX_MH_EMP_FIN: ORA-12543: TNS:destination host unreachable
Help: https://docs.oracle.com/error-help/db/ora-12543/
[2026-08-27 09:47:11] [1577/1627] Dumping FI_XX_MH_EMP_FIN_012023 ...
[2026-08-27 09:47:11] [1577/1627] FAIL FI_XX_MH_EMP_FIN_012023: ORA-12543: TNS:destination host unreachable
Help: https://docs.oracle.com/error-help/db/ora-12543/
[2026-08-27 09:47:11] [1578/1627] Dumping FI_XX_MH_EMP_FIN_082020 ...
[2026-08-27 09:47:11] [1578/1627] FAIL FI_XX_MH_EMP_FIN_082020: ORA-12543: TNS:destination host unreachable
Help: https://docs.oracle.com/error-help/db/ora-12543/
[2026-08-27 09:47:11] [1579/1627] Dumping FI_XX_MH_EMP_FIN_10122009 ...
[2026-08-27 09:47:11] [1579/1627] FAIL FI_XX_MH_EMP_FIN_10122009: ORA-12543: TNS:destination host unreachable
Help: https://docs.oracle.com/error-help/db/ora-12543/
[2026-08-27 09:47:11] [1580/1627] Dumping FI_XX_MH_EMP_FIN_11122009 ...
[2026-08-27 09:47:11] [1580/1627] FAIL FI_XX_MH_EMP_FIN_11122009: ORA-12543: TNS:destination host unreachable
Help: https://docs.oracle.com/error-help/db/ora-12543/
[2026-08-27 09:47:11] [1581/1627] Dumping FI_XX_MH_EMP_FIN_122022 ...
[2026-08-27 09:47:11] [1581/1627] FAIL FI_XX_MH_EMP_FIN_122022: ORA-12543: TNS:destination host unreachable
Help: https://docs.oracle.com/error-help/db/ora-12543/
[2026-08-27 09:47:11] [1582/1627] Dumping FI_XX_MH_EMP_FIN_17082010 ...
[2026-08-27 09:47:12] [1582/1627] FAIL FI_XX_MH_EMP_FIN_17082010: ORA-12543: TNS:destination host unreachable
Help: https://docs.oracle.com/error-help/db/ora-12543/
[2026-08-27 09:47:12] [1583/1627] Dumping FI_XX_MH_EMP_FIN_1997WR ...
[2026-08-27 09:47:12] [1583/1627] FAIL FI_XX_MH_EMP_FIN_1997WR: ORA-12543: TNS:destination host unreachable
Help: https://docs.oracle.com/error-help/db/ora-12543/
[2026-08-27 09:47:12] [1584/1627] Dumping FI_XX_MH_EMP_FIN_2007WR ...
[2026-08-27 09:47:12] [1584/1627] FAIL FI_XX_MH_EMP_FIN_2007WR: ORA-12543: TNS:destination host unreachable
Help: https://docs.oracle.com/error-help/db/ora-12543/
[2026-08-27 09:47:12] [1585/1627] Dumping FI_XX_MH_EMP_FIN_2017WR ...
[2026-08-27 09:47:12] [1585/1627] FAIL FI_XX_MH_EMP_FIN_2017WR: ORA-12543: TNS:destination host unreachable
Help: https://docs.oracle.com/error-help/db/ora-12543/
[2026-08-27 09:47:12] [1586/1627] Dumping FI_XX_MH_EMP_FIN_240125 ...
[2026-08-27 09:47:12] [1586/1627] FAIL FI_XX_MH_EMP_FIN_240125: ORA-12543: TNS:destination host unreachable
Help: https://docs.oracle.com/error-help/db/ora-12543/
[2026-08-27 09:47:12] [1587/1627] Dumping FI_XX_MH_EMP_FIN_BKP_210125 ...
[2026-08-27 09:47:12] [1587/1627] FAIL FI_XX_MH_EMP_FIN_BKP_210125: ORA-12543: TNS:destination host unreachable
Help: https://docs.oracle.com/error-help/db/ora-12543/
[2026-08-27 09:47:12] [1588/1627] Dumping FI_XX_MH_EMP_FIN_BKUP_080125 ...
[2026-08-27 09:47:12] [1588/1627] FAIL FI_XX_MH_EMP_FIN_BKUP_080125: ORA-12543: TNS:destination host unreachable
Help: https://docs.oracle.com/error-help/db/ora-12543/
[2026-08-27 09:47:12] [1589/1627] Dumping FI_XX_MH_EMP_FIN_BKUP_280125 ...
[2026-08-27 09:47:13] [1589/1627] FAIL FI_XX_MH_EMP_FIN_BKUP_280125: ORA-12543: TNS:destination host unreachable
Help: https://docs.oracle.com/error-help/db/ora-12543/
[2026-08-27 09:47:13] [1590/1627] Dumping FI_XX_MH_EMP_FIN_H ...
[2026-08-27 09:47:13] [1590/1627] FAIL FI_XX_MH_EMP_FIN_H: ORA-12543: TNS:destination host unreachable
Help: https://docs.oracle.com/error-help/db/ora-12543/
[2026-08-27 09:47:13] [1591/1627] Dumping FI_XX_MH_EMP_FIN_PALAS ...
[2026-08-27 09:47:13] [1591/1627] FAIL FI_XX_MH_EMP_FIN_PALAS: ORA-12543: TNS:destination host unreachable
Help: https://docs.oracle.com/error-help/db/ora-12543/
[2026-08-27 09:47:13] [1592/1627] Dumping FI_XX_MH_EMP_FIN_REPORT ...
[2026-08-27 09:47:13] [1592/1627] FAIL FI_XX_MH_EMP_FIN_REPORT: ORA-12543: TNS:destination host unreachable
Help: https://docs.oracle.com/error-help/db/ora-12543/
[2026-08-27 09:47:13] [1593/1627] Dumping FI_XX_MH_EMP_FIN_REPORT1 ...
[2026-08-27 09:47:13] [1593/1627] FAIL FI_XX_MH_EMP_FIN_REPORT1: ORA-12543: TNS:destination host unreachable
Help: https://docs.oracle.com/error-help/db/ora-12543/
[2026-08-27 09:47:13] [1594/1627] Dumping FI_XX_MH_EMP_MAX ...
[2026-08-27 09:47:13] [1594/1627] FAIL FI_XX_MH_EMP_MAX: ORA-12543: TNS:destination host unreachable
Help: https://docs.oracle.com/error-help/db/ora-12543/
[2026-08-27 09:47:13] [1595/1627] Dumping FI_XX_MH_EMP_PER ...
[2026-08-27 09:47:13] [1595/1627] FAIL FI_XX_MH_EMP_PER: ORA-12543: TNS:destination host unreachable
Help: https://docs.oracle.com/error-help/db/ora-12543/
[2026-08-27 09:47:13] [1596/1627] Dumping FI_XX_MH_EMP_PER_H ...
[2026-08-27 09:47:14] [1596/1627] FAIL FI_XX_MH_EMP_PER_H: ORA-12543: TNS:destination host unreachable
Help: https://docs.oracle.com/error-help/db/ora-12543/
[2026-08-27 09:47:14] [1597/1627] Dumping FI_XX_MH_EMP_SIGN ...
[2026-08-27 09:47:14] [1597/1627] FAIL FI_XX_MH_EMP_SIGN: ORA-12543: TNS:destination host unreachable
Help: https://docs.oracle.com/error-help/db/ora-12543/
[2026-08-27 09:47:14] [1598/1627] Dumping FI_XX_MH_EMP_TAB ...
[2026-08-27 09:47:14] [1598/1627] FAIL FI_XX_MH_EMP_TAB: ORA-12543: TNS:destination host unreachable
Help: https://docs.oracle.com/error-help/db/ora-12543/
[2026-08-27 09:47:14] [1599/1627] Dumping FI_XX_MH_FIXABS ...
[2026-08-27 09:47:14] [1599/1627] FAIL FI_XX_MH_FIXABS: ORA-12543: TNS:destination host unreachable
Help: https://docs.oracle.com/error-help/db/ora-12543/
[2026-08-27 09:47:14] [1600/1627] Dumping FI_XX_MH_FIXABS_BACKUP ...
[2026-08-27 09:47:14] [1600/1627] FAIL FI_XX_MH_FIXABS_BACKUP: ORA-12543: TNS:destination host unreachable
Help: https://docs.oracle.com/error-help/db/ora-12543/
[2026-08-27 09:47:14] [1601/1627] Dumping FI_XX_MH_FIXABS_BB ...
[2026-08-27 09:47:14] [1601/1627] FAIL FI_XX_MH_FIXABS_BB: ORA-12543: TNS:destination host unreachable
Help: https://docs.oracle.com/error-help/db/ora-12543/
[2026-08-27 09:47:14] [1602/1627] Dumping FI_XX_MH_HOLIDAY ...
[2026-08-27 09:47:14] [1602/1627] FAIL FI_XX_MH_HOLIDAY: ORA-12543: TNS:destination host unreachable
Help: https://docs.oracle.com/error-help/db/ora-12543/
[2026-08-27 09:47:14] [1603/1627] Dumping FI_XX_MH_PAYMODE ...
[2026-08-27 09:47:15] [1603/1627] FAIL FI_XX_MH_PAYMODE: ORA-12543: TNS:destination host unreachable
Help: https://docs.oracle.com/error-help/db/ora-12543/
[2026-08-27 09:47:15] [1604/1627] Dumping FI_XX_MH_RECRUIT ...
[2026-08-27 09:47:15] [1604/1627] FAIL FI_XX_MH_RECRUIT: ORA-12543: TNS:destination host unreachable
Help: https://docs.oracle.com/error-help/db/ora-12543/
[2026-08-27 09:47:15] [1605/1627] Dumping FI_XX_MH_RETIREMENT ...
[2026-08-27 09:47:15] [1605/1627] FAIL FI_XX_MH_RETIREMENT: ORA-12543: TNS:destination host unreachable
Help: https://docs.oracle.com/error-help/db/ora-12543/
[2026-08-27 09:47:15] [1606/1627] Dumping FI_XX_MH_UOM ...
[2026-08-27 09:47:15] [1606/1627] FAIL FI_XX_MH_UOM: ORA-12543: TNS:destination host unreachable
Help: https://docs.oracle.com/error-help/db/ora-12543/
[2026-08-27 09:47:15] [1607/1627] Dumping FI_XX_MISC_ITEM_MASTER ...
[2026-08-27 09:47:15] [1607/1627] FAIL FI_XX_MISC_ITEM_MASTER: ORA-12543: TNS:destination host unreachable
Help: https://docs.oracle.com/error-help/db/ora-12543/
[2026-08-27 09:47:15] [1608/1627] Dumping FI_XX_PAYMENT_VCH_ITEM_MST ...
[2026-08-27 09:47:15] [1608/1627] FAIL FI_XX_PAYMENT_VCH_ITEM_MST: ORA-12543: TNS:destination host unreachable
Help: https://docs.oracle.com/error-help/db/ora-12543/
[2026-08-27 09:47:15] [1609/1627] Dumping FI_XX_SEC_ID_CARD_080409 ...
[2026-08-27 09:47:15] [1609/1627] FAIL FI_XX_SEC_ID_CARD_080409: ORA-12543: TNS:destination host unreachable
Help: https://docs.oracle.com/error-help/db/ora-12543/
[2026-08-27 09:47:15] [1610/1627] Dumping FI_XX_SEC_ID_CARD_SG ...
[2026-08-27 09:47:15] [1610/1627] FAIL FI_XX_SEC_ID_CARD_SG: ORA-12543: TNS:destination host unreachable
Help: https://docs.oracle.com/error-help/db/ora-12543/
[2026-08-27 09:47:15] [1611/1627] Dumping FI_XX_SEC_ID_CARD_TEST ...
[2026-08-27 09:47:16] [1611/1627] FAIL FI_XX_SEC_ID_CARD_TEST: ORA-12543: TNS:destination host unreachable
Help: https://docs.oracle.com/error-help/db/ora-12543/
[2026-08-27 09:47:16] [1612/1627] Dumping FI_XX_TD_RECRUIT ...
[2026-08-27 09:47:16] [1612/1627] FAIL FI_XX_TD_RECRUIT: ORA-12543: TNS:destination host unreachable
Help: https://docs.oracle.com/error-help/db/ora-12543/
[2026-08-27 09:47:16] [1613/1627] Dumping FI_XX_XX_LOG ...
[2026-08-27 09:47:16] [1613/1627] FAIL FI_XX_XX_LOG: ORA-12543: TNS:destination host unreachable
Help: https://docs.oracle.com/error-help/db/ora-12543/
[2026-08-27 09:47:16] [1614/1627] Dumping FI_XX_XX_M_D_FIN_CTRL ...
[2026-08-27 09:47:16] [1614/1627] FAIL FI_XX_XX_M_D_FIN_CTRL: ORA-12543: TNS:destination host unreachable
Help: https://docs.oracle.com/error-help/db/ora-12543/
[2026-08-27 09:47:16] [1615/1627] Dumping FI_XX_XX_M_D_FIN_CTRL6 ...
[2026-08-27 09:47:16] [1615/1627] FAIL FI_XX_XX_M_D_FIN_CTRL6: ORA-12543: TNS:destination host unreachable
Help: https://docs.oracle.com/error-help/db/ora-12543/
[2026-08-27 09:47:16] [1616/1627] Dumping FI_XX_XX_M_D_FIN_CTRL_2009 ...
[2026-08-27 09:47:16] [1616/1627] FAIL FI_XX_XX_M_D_FIN_CTRL_2009: ORA-12543: TNS:destination host unreachable
Help: https://docs.oracle.com/error-help/db/ora-12543/
[2026-08-27 09:47:16] [1617/1627] Dumping FI_XX_XX_M_D_FIN_CTRL_2010 ...
[2026-08-27 09:47:16] [1617/1627] FAIL FI_XX_XX_M_D_FIN_CTRL_2010: ORA-12543: TNS:destination host unreachable
Help: https://docs.oracle.com/error-help/db/ora-12543/
[2026-08-27 09:47:16] [1618/1627] Dumping FI_XX_XX_M_D_FIN_CTRL_INDR_MN ...
[2026-08-27 09:47:17] [1618/1627] FAIL FI_XX_XX_M_D_FIN_CTRL_INDR_MN: ORA-12543: TNS:destination host unreachable
Help: https://docs.oracle.com/error-help/db/ora-12543/
[2026-08-27 09:47:17] [1619/1627] Dumping FI_XX_XX_M_D_FIN_CTRL_NIC ...
[2026-08-27 09:47:17] [1619/1627] FAIL FI_XX_XX_M_D_FIN_CTRL_NIC: ORA-12543: TNS:destination host unreachable
Help: https://docs.oracle.com/error-help/db/ora-12543/
[2026-08-27 09:47:17] [1620/1627] Dumping FI_XX_XX_M_D_FIN_CTRL_TEST ...
[2026-08-27 09:47:17] [1620/1627] FAIL FI_XX_XX_M_D_FIN_CTRL_TEST: ORA-12543: TNS:destination host unreachable
Help: https://docs.oracle.com/error-help/db/ora-12543/
[2026-08-27 09:47:17] [1621/1627] Dumping FI_XX_XX_M_D_FIN_CTRL_XXX ...
[2026-08-27 09:47:17] [1621/1627] FAIL FI_XX_XX_M_D_FIN_CTRL_XXX: ORA-12543: TNS:destination host unreachable
Help: https://docs.oracle.com/error-help/db/ora-12543/
[2026-08-27 09:47:17] [1622/1627] Dumping FI_XX_XX_M_H_FIN_CTRL ...
[2026-08-27 09:47:17] [1622/1627] FAIL FI_XX_XX_M_H_FIN_CTRL: ORA-12543: TNS:destination host unreachable
Help: https://docs.oracle.com/error-help/db/ora-12543/
[2026-08-27 09:47:17] [1623/1627] Dumping FI_XX_XX_M_H_FIN_CTRL6 ...
[2026-08-27 09:47:17] [1623/1627] FAIL FI_XX_XX_M_H_FIN_CTRL6: ORA-12543: TNS:destination host unreachable
Help: https://docs.oracle.com/error-help/db/ora-12543/
[2026-08-27 09:47:17] [1624/1627] Dumping FI_XX_XX_M_H_FIN_CTRL_INDR_MN ...
[2026-08-27 09:47:17] [1624/1627] FAIL FI_XX_XX_M_H_FIN_CTRL_INDR_MN: ORA-12543: TNS:destination host unreachable
Help: https://docs.oracle.com/error-help/db/ora-12543/
[2026-08-27 09:47:17] [1625/1627] Dumping FI_XX_XX_M_H_FIN_CTRL_TEST ...
[2026-08-27 09:47:17] [1625/1627] FAIL FI_XX_XX_M_H_FIN_CTRL_TEST: ORA-12543: TNS:destination host unreachable
Help: https://docs.oracle.com/error-help/db/ora-12543/
[2026-08-27 09:47:17] [1626/1627] Dumping FI_XX_XX_M_H_SUB_LED ...
[2026-08-27 09:47:18] [1626/1627] FAIL FI_XX_XX_M_H_SUB_LED: ORA-12543: TNS:destination host unreachable
Help: https://docs.oracle.com/error-help/db/ora-12543/
[2026-08-27 09:47:18] [1627/1627] Dumping FI_XX_XX_M_H_TRAN_TYPE ...
[2026-08-27 09:47:18] [1627/1627] FAIL FI_XX_XX_M_H_TRAN_TYPE: ORA-12543: TNS:destination host unreachable
Help: https://docs.oracle.com/error-help/db/ora-12543/
[2026-08-27 09:47:18] Finished. ok=1149, failed=478, elapsed=2846.5 min. Progress file: D:\SMPK\SMPK\backend\config\scripts\dump_logs\schema_dump_progress.json
[2026-08-27 09:47:18] Failed tables (478): FI_PN_FPEN_DTL_ENT, FI_PN_FPEN_HDR_ENT, FI_PN_LIC_MASTER, FI_PN_LIC_MASTER_09022026, FI_PN_LIC_MASTER_101025, FI_PN_LIC_MASTER_140725, FI_PN_LIC_MASTER_HALDIA1125, FI_PR_LEAVE_POST_ERR, FI_PR_TA_DTL, FI_PR_TD_SALOUT_060325, FI_PR_TD_SALOUT_072021_PF, FI_PR_TD_SALOUT_07WR_OF_JUL11, FI_PR_TD_SALOUT_20022025, FI_PR_TD_SALOUT_2007WR, FI_PR_TD_SALOUT_2007WR_12, FI_PR_TD_SALOUT_2007WR_I, FI_PR_TD_SALOUT_2007WR_OFFICER, FI_PR_TD_SALOUT_2007WR_OFF_34, FI_PR_TD_SALOUT_2007WR_OF_FAIC, FI_PR_TD_SALOUT_2007WR_PF, FI_PR_TD_SALOUT_2007WR_PF_O34, FI_PR_TD_SALOUT_2007WR_PF_OFF, FI_PR_TD_SALOUT_2007_2PT2_PF, FI_PR_TD_SALOUT_2012WR_PF, FI_PR_TD_SALOUT_2017WR_PF, FI_PR_TD_SALOUT_2022WR_PF, FI_PR_TD_SALOUT_26022025, FI_PR_TD_SALOUT_275B_BACK, FI_PR_TD_SALOUT_275B_NOV10, FI_PR_TD_SALOUT_27NOV2012...
